
> sit-with@0.1.0 prebuild
> node scripts/compress-images.mjs

Starting image compression...
Skipping already compressed: apple-icon.png
Skipping already compressed: icon.png
Skipping already compressed: about-bg.png
Skipping already compressed: about-bg.webp
Skipping already compressed: about-core-values.png
Skipping already compressed: award-no-overlay.png
Skipping already compressed: blog-hero.png
Skipping already compressed: brown-arrow.png
Skipping already compressed: brown-arrow.webp
Skipping already compressed: business.png
Skipping already compressed: camp-hero.png
Skipping already compressed: camp-hero.webp
Skipping already compressed: community-bg.png
Skipping already compressed: connection-no-overlay.png
Skipping already compressed: contact-image.png
Skipping already compressed: data.png
Skipping already compressed: design.png
Skipping already compressed: desktop-hero-2.png
Skipping already compressed: desktop-hero-3.png
Skipping already compressed: empty-state.png
Skipping already compressed: facebook.png
Skipping already compressed: glimpse-1.png
Skipping already compressed: glimpse-2.png
Skipping already compressed: glimpse-3.png
Skipping already compressed: glimpse-4.png
Skipping already compressed: green-arrow-right.png
Skipping already compressed: green-arrow.png
Skipping already compressed: green-arrow.webp
Skipping already compressed: green-heart-no-overlay.png
Skipping already compressed: guided-programs.png
Skipping already compressed: guided-programs.webp
Skipping already compressed: help-1.png
Skipping already compressed: help-2.png
Skipping already compressed: help-3.png
Skipping already compressed: home-hero-1.png
Skipping already compressed: home-hero-2.png
Skipping already compressed: home-hero-3.png
Skipping already compressed: homepage-bg.png
Skipping already compressed: homepage-bg.webp
Skipping already compressed: instagram.png
Skipping already compressed: internship.png
Skipping already compressed: join-us.png
Skipping already compressed: join-us.webp
Skipping already compressed: leadership.png
Skipping already compressed: light-mode-logo.png
Skipping already compressed: login-bg.webp
Skipping already compressed: logo-icon.png
Skipping already compressed: logo.webp
Skipping already compressed: membership-bg.png
Skipping already compressed: membership-bg.webp
Skipping already compressed: one-on-one.png
Skipping already compressed: one-on-one.webp
Skipping already compressed: pattern.png
Skipping already compressed: primary-logo.png
Skipping already compressed: program-cta.png
Skipping already compressed: programs-hero-1.png
Skipping already compressed: programs-hero-2.png
Skipping already compressed: programs-hero-3.png
Skipping already compressed: signup-bg.webp
Skipping already compressed: sitwithpd-logo.png
Skipping already compressed: team-1.png
Skipping already compressed: team-2.png
Skipping already compressed: team-3.png
Skipping already compressed: team-4.png
Skipping already compressed: therapeutic-camps.png
Skipping already compressed: therapeutic-camps.webp
Skipping already compressed: tiktok.png
Skipping already compressed: twitter.png
Skipping already compressed: web.png
Skipping already compressed: youtube.png
Image compression complete!

> sit-with@0.1.0 build
> next build

Γû▓ Next.js 16.1.6 (Turbopack)
- Environments: .env.local

  Creating an optimized production build ...
Γ£ô Compiled successfully in 38.8s
  Running TypeScript ...
node.exe : Failed to compile.
At line:1 char:1
+ & "C:\Program Files\nodejs/node.exe" "C:\Program 
Files\nodejs/node_mo ...
+ ~~~~~~~~~~~~~~~~~~~~~~~~~~~~~~~~~~~~~~~~~~~~~~~~~~~~~~
~~~~~~~~~~~~~~~
    + CategoryInfo          : NotSpecified: (Failed to  
   compile.:String) [], RemoteException
    + FullyQualifiedErrorId : NativeCommandError
 

./components/admin/consultation/consultation-overview.ts
x:46:9
Type error: Type '{ id: string; status: string; 
firstName: string; lastName: string; email: string; 
serviceTitle: string; price: number; date: string; }[]' 
is not assignable to type '[] | ConsultationColumn[]'.
  Type '{ id: string; status: string; firstName: 
string; lastName: string; email: string; serviceTitle: 
string; price: number; date: string; }[]' is not 
assignable to type 'ConsultationColumn[]'.
    Property 'currency' is missing in type '{ id: 
string; status: string; firstName: string; lastName: 
string; email: string; serviceTitle: string; price: 
number; date: string; }' but required in type 
'ConsultationColumn'.

[0m [90m 44 |[39m
 [90m 45 |[39m
[31m[1m>[22m[39m[90m 46 |[39m   [36mconst[39m 
tableData[33m:[39m [33mConsultationColumn[39m[] 
[33m|[39m [] [33m=[39m data[33m?[39m[33m.[39mdat
a[33m?[39m[33m.[39mmap((booking) [33m=>[39m ({
 [90m    |[39m         [31m[1m^[22m[39m
 [90m 47 |[39m   id[33m:[39m 
booking[33m.[39mid[33m,[39m
 [90m 48 |[39m   status[33m:[39m 
booking[33m.[39mstatus[33m,[39m
 [90m 49 |[39m   firstName[33m:[39m booking[33m.[3
9muser[33m.[39mfirstName[33m,[39m[0m
Next.js build worker exited with code: 1 and signal: 
null
