
> sit-with@0.1.0 prebuild
> node scripts/compress-images.mjs

Starting image compression...
Skipping already compressed: apple-icon.png
Skipping already compressed: icon.png
Skipping already compressed: about-bg.png
Skipping already compressed: about-bg.webp
Skipping already compressed: about-core-values.png
Skipping already compressed: award-no-overlay.png
Skipping already compressed: blog-hero.png
Skipping already compressed: brown-arrow.png
Skipping already compressed: brown-arrow.webp
Skipping already compressed: business.png
Skipping already compressed: camp-hero.png
Skipping already compressed: camp-hero.webp
Skipping already compressed: community-bg.png
Skipping already compressed: connection-no-overlay.png
Skipping already compressed: contact-image.png
Skipping already compressed: data.png
Skipping already compressed: design.png
Skipping already compressed: desktop-hero-2.png
Skipping already compressed: desktop-hero-3.png
Skipping already compressed: empty-state.png
Skipping already compressed: facebook.png
Skipping already compressed: glimpse-1.png
Skipping already compressed: glimpse-2.png
Skipping already compressed: glimpse-3.png
Skipping already compressed: glimpse-4.png
Skipping already compressed: green-arrow-right.png
Skipping already compressed: green-arrow.png
Skipping already compressed: green-arrow.webp
Skipping already compressed: green-heart-no-overlay.png
Skipping already compressed: guided-programs.png
Skipping already compressed: guided-programs.webp
Skipping already compressed: help-1.png
Skipping already compressed: help-2.png
Skipping already compressed: help-3.png
Skipping already compressed: home-hero-1.png
Skipping already compressed: home-hero-2.png
Skipping already compressed: home-hero-3.png
Skipping already compressed: homepage-bg.png
Skipping already compressed: homepage-bg.webp
Skipping already compressed: instagram.png
Skipping already compressed: internship.png
Skipping already compressed: join-us.png
Skipping already compressed: join-us.webp
Skipping already compressed: leadership.png
Skipping already compressed: light-mode-logo.png
Skipping already compressed: login-bg.webp
Skipping already compressed: logo-icon.png
Skipping already compressed: logo.webp
Skipping already compressed: membership-bg.png
Skipping already compressed: membership-bg.webp
Skipping already compressed: one-on-one.png
Skipping already compressed: one-on-one.webp
Skipping already compressed: pattern.png
Skipping already compressed: primary-logo.png
Skipping already compressed: program-cta.png
Skipping already compressed: programs-hero-1.png
Skipping already compressed: programs-hero-2.png
Skipping already compressed: programs-hero-3.png
Skipping already compressed: signup-bg.webp
Skipping already compressed: sitwithpd-logo.png
Skipping already compressed: team-1.png
Skipping already compressed: team-2.png
Skipping already compressed: team-3.png
Skipping already compressed: team-4.png
Skipping already compressed: therapeutic-camps.png
Skipping already compressed: therapeutic-camps.webp
Skipping already compressed: tiktok.png
Skipping already compressed: twitter.png
Skipping already compressed: web.png
Skipping already compressed: youtube.png
Image compression complete!

> sit-with@0.1.0 build
> next build

Γû▓ Next.js 16.1.6 (Turbopack)
- Environments: .env.local

  Creating an optimized production build ...
Γ£ô Compiled successfully in 20.0s
  Running TypeScript ...
  Collecting page data using 7 workers ...
the api error is undefined
  Generating static pages using 7 workers (0/46) ...
  Generating static pages using 7 workers (11/46) 
  Generating static pages using 7 workers (22/46) 
  Generating static pages using 7 workers (34/46) 
Γ£ô Generating static pages using 7 workers (46/46) in 2.1s
  Finalizing page optimization ...

Route (app)
Γöî Γùï /
Γö£ Γùï /_not-found
Γö£ Γùï /about
Γö£ Γùï /admin
Γö£ Γùï /admin/blog
Γö£ ╞Æ /admin/blog/[id]
Γö£ Γùï /admin/camps
Γö£ ╞Æ /admin/camps/[id]
Γö£ Γùï /admin/chat-knowledge
Γö£ Γùï /admin/consultation
Γö£ Γùï /admin/consultation-services
Γö£ ╞Æ /admin/consultation-services/[id]
Γö£ Γùï /admin/contact-submissions
Γö£ Γùï /admin/payments
Γö£ Γùï /admin/program
Γö£ ╞Æ /admin/program/[id]
Γö£ ╞Æ /admin/program/[id]/edit
Γö£ Γùï /admin/program/add
Γö£ Γùï /admin/settings
Γö£ Γùï /admin/team
Γö£ Γùï /admin/testimonials
Γö£ ╞Æ /api/chat/config
Γö£ ╞Æ /api/chat/sessions
Γö£ ╞Æ /api/chat/sessions/[sessionId]/messages
Γö£ Γùï /apple-icon.png
Γö£ Γùï /blog
Γö£ ΓùÅ /blog/[slug]
Γö£ Γùï /camps
Γö£ ╞Æ /camps/[id]
Γö£ Γùï /community
Γö£ Γùï /consultation
Γö£ Γùï /contact
Γö£ Γùï /dashboard
Γö£ Γùï /dashboard/camps
Γö£ ╞Æ /dashboard/camps/[id]
Γö£ Γùï /dashboard/program
Γö£ ╞Æ /dashboard/program/[programId]
Γö£ ╞Æ /dashboard/program/[programId]/[weekId]
Γö£ Γùï /dashboard/settings
Γö£ Γùï /forgot-password
Γö£ Γùï /icon.png
Γö£ Γùï /login
Γö£ Γùï /membership
Γö£ Γùï /payment/verify
Γö£ Γùï /privacy-policy
Γö£ Γùï /programs
Γö£ ╞Æ /programs/[id]
Γö£ Γùï /refund-policy
Γö£ Γùï /reset-password
Γö£ Γùï /reset-password-success
Γö£ Γùï /robots.txt
Γö£ Γùï /signup
Γö£ Γùï /signup-success
Γö£ Γùï /sitemap.xml
Γö£ Γùï /terms
Γö£ Γùï /verification-failed
Γöö Γùï /verify-email


Γùï  (Static)   prerendered as static content
ΓùÅ  (SSG)      prerendered as static HTML (uses generateStaticParams)
╞Æ  (Dynamic)  server-rendered on demand

